I'm sorry, but errors were detected in your script. Please correct the
errors listed below, and try again.


File "game/script.rpy", line 27: expected 'comma or end of line' not found.
    with dissolve
    ^

Ren'Py Version: Ren'Py 7.4.11.2266
Wed Jun 22 12:27:19 2022
